Datum         Betrag     Saldo
01.01.2023    100,00    100,00
01.01.2023    -50,00     50,00