Kontoauszug
100 01.01.2020 00:00:00
50 01.01.2020 00:00:00
